============================================================
  Generated by:           Genus(TM) Synthesis Solution 20.11-s111_1
  Generated on:           Jul 10 2024  06:52:33 pm
  Module:                 vedic16x16ppa
  Technology library:     slow 
  Operating conditions:   slow 
  Interconnect mode:      global
  Area mode:              timing library
============================================================

                            
   Gate    Instances  Area  Library 
------------------------------------
ACHCONX2          32  0.000    slow 
ADDFXL            97  0.000    slow 
ADDHX1           208  0.000    slow 
AND2X2           144  0.000    slow 
AOI2BB1X1         16  0.000    slow 
CLKINVX1           6  0.000    slow 
CLKXOR2X2         16  0.000    slow 
INVXL             32  0.000    slow 
NAND2BXL           9  0.000    slow 
NAND3BXL          48  0.000    slow 
NOR2BXL           71  0.000    slow 
NOR2XL            16  0.000    slow 
NOR3BXL           16  0.000    slow 
OR2X2              5  0.000    slow 
XNOR2X2           26  0.000    slow 
XNOR3X1           61  0.000    slow 
------------------------------------
total            803  0.000         


                                      
     Type      Instances  Area Area % 
--------------------------------------
inverter              38 0.000    0.0 
logic                765 0.000    0.0 
physical_cells         0 0.000    0.0 
--------------------------------------
total                803 0.000    0.0 

